
> @ra4/web-client@1.0.0 build /Users/romanmolodyko/Documents/red-alert-4-browser/apps/web-client
> tsc --noEmit && vite build

vite v6.4.3 building for production...
transforming...
✓ 2084 modules transformed.
rendering chunks...
computing gzip size...
dist/index.html                                          1.31 kB │ gzip:     0.70 kB
dist/assets/index-CZvVvJYv.css                          77.64 kB │ gzip:    17.42 kB
dist/assets/tgaTextureLoader-lhx--qaX.js                 0.31 kB │ gzip:     0.26 kB
dist/assets/flowGraphGLTFDataProvider-CZsK-KSs.js        0.46 kB │ gzip:     0.30 kB
dist/assets/flowGraphCodeExecutionBlock-8v9Ug9_g.js      0.47 kB │ gzip:     0.27 kB
dist/assets/hdrTextureLoader-DZ1yVYSk.js                 0.53 kB │ gzip:     0.38 kB
dist/assets/envTextureLoader-5BTZrm3P.js                 0.56 kB │ gzip:     0.37 kB
dist/assets/mesh.vertexData.functions-BYooUupK.js        0.92 kB │ gzip:     0.49 kB
dist/assets/basisTextureLoader-EtLqgAmn.js               1.19 kB │ gzip:     0.57 kB
dist/assets/ddsTextureLoader-D8d06z70.js                 1.22 kB │ gzip:     0.59 kB
dist/assets/ktxTextureLoader-BmHFRU4x.js                 1.37 kB │ gzip:     0.71 kB
dist/assets/iesTextureLoader-Dra9yRRb.js                 2.69 kB │ gzip:     1.16 kB
dist/assets/exrTextureLoader-rnKgV1te.js                 6.53 kB │ gzip:     2.54 kB
dist/assets/index-DRa5FwQz.js                        5,785.88 kB │ gzip: 1,311.49 kB

(!) Some chunks are larger than 500 kB after minification. Consider:
- Using dynamic import() to code-split the application
- Use build.rollupOptions.output.manualChunks to improve chunking: https://rollupjs.org/configuration-options/#output-manualchunks
- Adjust chunk size limit for this warning via build.chunkSizeWarningLimit.
✓ built in 4.29s
